// Jest Snapshot v1, https://goo.gl/fbAQLP

exports[`<InputDropdown renders correctly 1`] = `ShallowWrapper {}`;
